// Jest Snapshot v1, https://goo.gl/fbAQLP

exports[`AthleteInformation.vue renders athlete information 1`] = `
<div>
  <b-row-stub
    tag="div"
  >
    <b-col-stub
      tag="div"
    >
      <h1>
        Master Archer
      </h1>
    </b-col-stub>
  </b-row-stub>
   
  <b-row-stub
    tag="div"
  >
    <b-col-stub
      tag="div"
    >
      <h2
        class="bg-sal-orange"
      >
        athlete.info
      </h2>
    </b-col-stub>
  </b-row-stub>
   
  <b-row-stub
    tag="div"
  >
    <b-col-stub
      tag="div"
    >
      <!---->
    </b-col-stub>
  </b-row-stub>
   
  <b-row-stub
    tag="div"
  >
    <b-col-stub
      tag="div"
    >
      <b-spinner-stub
        label="Loading..."
        role="status"
        tag="span"
        type="border"
      />
    </b-col-stub>
  </b-row-stub>
</div>
`;
