// Jest Snapshot v1, https://goo.gl/fbAQLP

exports[`EventList.vue renders content 1`] = `
<div
  class="home"
>
  <b-row-stub
    tag="div"
  >
    <b-col-stub
      tag="div"
    >
      <h1>
        event.event
      </h1>
    </b-col-stub>
  </b-row-stub>
   
  <eventlist-stub
    limit="25"
  />
</div>
`;
