// Jest Snapshot v1, https://goo.gl/fbAQLP

exports[`Home.vue renders content 1`] = `
<div
  class="home"
>
  <b-row-stub
    tag="div"
  >
    <b-col-stub
      tag="div"
    >
      <h1>
        front.header
      </h1>
       
      <p>
        front.description
      </p>
    </b-col-stub>
  </b-row-stub>
   
  <div>
    <h2
      class="bg-sal-orange"
    >
      
      nav.event
    
    </h2>
     
    <p>
      front.events_description
    </p>
     
    <b-button-stub
      class="btn-orange space-right space-down"
      tag="button"
      target="_self"
      to="[object Object]"
      type="button"
      variant="light"
    >
      
      front.to_events
    
    </b-button-stub>
  </div>
  <div>
    <h2
      class="bg-sal-orange"
    >
      
      nav.competition
    
    </h2>
     
    <p>
      front.competitions_description
    </p>
     
    <b-button-stub
      class="btn-orange space-right space-down"
      tag="button"
      target="_self"
      to="[object Object]"
      type="button"
      variant="light"
    >
      
      front.to_competitions
    
    </b-button-stub>
  </div>
  <div>
    <h2
      class="bg-sal-orange"
    >
      
      nav.statistic
    
    </h2>
     
    <p>
      front.statistics_description
    </p>
     
    <b-button-stub
      class="btn-orange space-right space-down"
      tag="button"
      target="_self"
      to="[object Object]"
      type="button"
      variant="light"
    >
      
      front.to_statistics
    
    </b-button-stub>
  </div>
  <div>
    <h2
      class="bg-sal-orange"
    >
      
      nav.record
    
    </h2>
     
    <p>
      front.records_description
    </p>
     
    <b-button-stub
      class="btn-orange space-right space-down"
      tag="button"
      target="_self"
      to="[object Object]"
      type="button"
      variant="light"
    >
      
      front.to_records
    
    </b-button-stub>
  </div>
  <div>
    <h2
      class="bg-sal-orange"
    >
      
      nav.athlete
    
    </h2>
     
    <p>
      front.athletes_description
    </p>
     
    <b-button-stub
      class="btn-orange space-right space-down"
      tag="button"
      target="_self"
      to="[object Object]"
      type="button"
      variant="light"
    >
      
      front.to_athletes
    
    </b-button-stub>
  </div>
   
  <!---->
</div>
`;
