// Jest Snapshot v1, https://goo.gl/fbAQLP

exports[`Home.vue renders content 1`] = `
<div
  class="home"
>
  <b-row-stub
    tag="div"
  >
    <b-col-stub
      tag="div"
    >
      <h1>
        front.header
      </h1>
       
      <p>
        front.description
      </p>
    </b-col-stub>
  </b-row-stub>
   
  <b-row-stub
    tag="div"
  >
    <b-col-stub
      col="true"
      lg="8"
      md="12"
      tag="div"
    >
      <h2
        class="bg-sal-orange"
      >
        event.event
      </h2>
       
      <eventlist-stub
        limit="8"
        limited="true"
      />
    </b-col-stub>
     
    <b-col-stub
      tag="div"
    >
      <b-row-stub
        tag="div"
      >
        <b-col-stub
          tag="div"
        >
          <h2
            class="bg-sal-orange"
          >
            
            sjal.recurve sjal.ranking
          
          </h2>
           
          <statisticsranking-stub
            dateend="2020-09-01"
            datestart="2019-10-01"
            division="recurve"
            limit="5"
            limited="true"
          />
           
          <b-link-stub
            event="click"
            routertag="a"
            target="_self"
            to="[object Object]"
          >
            sjal.full_ranking
          </b-link-stub>
        </b-col-stub>
      </b-row-stub>
       
      <b-row-stub
        tag="div"
      >
        <b-col-stub
          tag="div"
        >
          <h2
            class="bg-sal-orange"
          >
            
            sjal.compound sjal.ranking
          
          </h2>
           
          <statisticsranking-stub
            dateend="2020-09-01"
            datestart="2019-10-01"
            division="compound"
            limit="5"
            limited="true"
          />
           
          <b-link-stub
            event="click"
            routertag="a"
            target="_self"
            to="[object Object]"
          >
            sjal.full_ranking
          </b-link-stub>
        </b-col-stub>
      </b-row-stub>
       
      <b-row-stub
        tag="div"
      >
        <b-col-stub
          tag="div"
        >
          <h2
            class="bg-sal-orange"
          >
            
            sjal.barebow sjal.ranking
          
          </h2>
           
          <statisticsranking-stub
            dateend="2020-09-01"
            datestart="2019-10-01"
            division="barebow"
            limit="5"
            limited="true"
          />
           
          <b-link-stub
            event="click"
            routertag="a"
            target="_self"
            to="[object Object]"
          >
            sjal.full_ranking
          </b-link-stub>
        </b-col-stub>
      </b-row-stub>
    </b-col-stub>
  </b-row-stub>
</div>
`;
